
out 0  New-value = 0
---------------
0 AND 0
---------------
NAND activated!
NAND activated!
NAND activated!
out 6  New-value = 1
NAND activated!
NAND activated!
out 12  New-value = 0
NAND activated!
output is 0
---------------
0 AND 1
---------------
NAND activated!
output is 0
---------------
1 AND 1
---------------
NAND activated!
NAND activated!
out 30  New-value = 1
NAND activated!
output is 1
---------------
1 AND 0
---------------
NAND activated!
NAND activated!
out 42  New-value = 0
NAND activated!
output is 0
